
 RUN  v4.0.15 C:/Users/dmedl/Projects/MathFlow

(node:61412) [DEP0040] DeprecationWarning: The `punycode` module is deprecated. Please use a userland alternative instead.
(Use `node --trace-deprecation ...` to show where the warning was created)
 Γ¥» src/components/InteractiveSteps.test.tsx (6 tests | 3 failed) 59ms
     ├ù renders the first step correctly 25ms
     ├ù advances to next step on correct answer 12ms
     Γ£ô shows error on incorrect answer and does not advance 5ms
     Γ£ô does nothing on empty submit 3ms
     ├ù advances through multiple steps including static steps 7ms
     Γ£ô disables input after correct answer 4ms

ΓÄ»ΓÄ»ΓÄ»ΓÄ»ΓÄ»ΓÄ»ΓÄ» Failed Tests 3 ΓÄ»ΓÄ»ΓÄ»ΓÄ»ΓÄ»ΓÄ»ΓÄ»

 FAIL  src/components/InteractiveSteps.test.tsx > InteractiveSteps > renders the first step correctly
TestingLibraryElementError: Unable to find an element with the text: What is 1 + 1?. This could be because the text is broken up by multiple elements. In this case, you can provide a function for your text matcher to make your matcher more flexible.

Ignored nodes: comments, script, style
<body>
  <div>
    <div
      class="mt-8 text-left bg-gray-50 p-6 rounded-lg border border-gray-100"
    >
      <h3
        class="font-semibold text-gray-700 mb-4"
      >
        Let's break it down:
      </h3>
      <div
        class="space-y-6"
      >
        <div
          class="transition-opacity duration-500 opacity-100"
        >
          <div
            class="text-gray-800 mb-2"
          >
            <span
              class="inline-flex items-center flex-wrap gap-1 text-2xl"
            >
              <span
                class="mx-1"
              >
                What
              </span>
              <span
                class="mx-1"
              >
                is
              </span>
              <span
                class="mx-1"
              >
                1
              </span>
              <span
                class="mx-1"
              >
                +
              </span>
              <span
                class="mx-1"
              >
                1?
              </span>
            </span>
          </div>
          <div
            class="flex flex-col gap-2"
          >
            <div
              class="flex items-center gap-2"
            >
              <input
                aria-label="Answer for step 1"
                class="p-2 border rounded w-32 border-gray-300"
                placeholder="?"
                type="text"
                value=""
              />
              <button
                aria-label="Check answer for step 1"
                class="px-3 py-2 bg-blue-100 text-blue-700 rounded hover:bg-blue-200 text-sm font-medium"
              >
                Check
              </button>
            </div>
          </div>
        </div>
      </div>
    </div>
  </div>
</body>
 Γ¥» Object.getElementError node_modules/@testing-library/dom/dist/config.js:37:19
 Γ¥» node_modules/@testing-library/dom/dist/query-helpers.js:76:38
 Γ¥» node_modules/@testing-library/dom/dist/query-helpers.js:52:17
 Γ¥» node_modules/@testing-library/dom/dist/query-helpers.js:95:19
 Γ¥» src/components/InteractiveSteps.test.tsx:32:19
     30|   it('renders the first step correctly', () => {
     31|     render(<InteractiveSteps steps={mockSteps} />);
     32|     expect(screen.getByText("What is 1 + 1?")).toBeInTheDocument();
       |                   ^
     33|     expect(screen.queryByText('This is a static hint.')).not.toBeInTheΓÇª
     34|   });

ΓÄ»ΓÄ»ΓÄ»ΓÄ»ΓÄ»ΓÄ»ΓÄ»ΓÄ»ΓÄ»ΓÄ»ΓÄ»ΓÄ»ΓÄ»ΓÄ»ΓÄ»ΓÄ»ΓÄ»ΓÄ»ΓÄ»ΓÄ»ΓÄ»ΓÄ»ΓÄ»ΓÄ»[1/3]ΓÄ»

 FAIL  src/components/InteractiveSteps.test.tsx > InteractiveSteps > advances to next step on correct answer
TestingLibraryElementError: Unable to find an element with the text: 1 + 1 equals 2.. This could be because the text is broken up by multiple elements. In this case, you can provide a function for your text matcher to make your matcher more flexible.

Ignored nodes: comments, script, style
<body>
  <div>
    <div
      class="mt-8 text-left bg-gray-50 p-6 rounded-lg border border-gray-100"
    >
      <h3
        class="font-semibold text-gray-700 mb-4"
      >
        Let's break it down:
      </h3>
      <div
        class="space-y-6"
      >
        <div
          class="transition-opacity duration-500 opacity-70"
        >
          <div
            class="text-gray-800 mb-2"
          >
            <span
              class="inline-flex items-center flex-wrap gap-1 text-2xl"
            >
              <span
                class="mx-1"
              >
                What
              </span>
              <span
                class="mx-1"
              >
                is
              </span>
              <span
                class="mx-1"
              >
                1
              </span>
              <span
                class="mx-1"
              >
                +
              </span>
              <span
                class="mx-1"
              >
                1?
              </span>
            </span>
          </div>
          <div
            class="flex flex-col gap-2"
          >
            <div
              class="flex items-center gap-2"
            >
              <input
                aria-label="Answer for step 1"
                class="p-2 border rounded w-32 border-green-500 bg-green-50"
                disabled=""
                placeholder="?"
                type="text"
                value="2"
              />
              <span
                class="text-green-600 flex items-center gap-1"
              >
                Γ£ô Correct
              </span>
            </div>
            <div
              class="text-sm text-gray-600 mt-1 italic pl-2 border-l-2 border-green-200"
            >
              <span
                class="inline-flex items-center flex-wrap gap-1 text-2xl"
              >
                <span
                  class="mx-1"
                >
                  1
                </span>
                <span
                  class="mx-1"
                >
                  +
                </span>
                <span
                  class="mx-1"
                >
                  1
                </span>
                <span
                  class="mx-1"
                >
                  equals
                </span>
                <span
                  class="mx-1"
                >
                  2.
                </span>
              </span>
            </div>
          </div>
        </div>
        <div
          class="transition-opacity duration-500 opacity-100"
        >
          <div
            class="text-gray-800 mb-2"
          >
            <span
              class="inline-flex items-center flex-wrap gap-1 text-2xl"
            >
              <span
                class="mx-1"
              >
                This
              </span>
              <span
                class="mx-1"
              >
                is
              </span>
              <span
                class="mx-1"
              >
                a
              </span>
              <span
                class="mx-1"
              >
                static
              </span>
              <span
                class="mx-1"
              >
                hint.
              </span>
            </span>
          </div>
          <div
            class="text-gray-600"
          >
            <button
              class="text-blue-600 hover:text-blue-800 text-sm font-medium"
            >
              Continue Γåô
            </button>
          </div>
        </div>
      </div>
    </div>
  </div>
</body>
 Γ¥» Object.getElementError node_modules/@testing-library/dom/dist/config.js:37:19
 Γ¥» node_modules/@testing-library/dom/dist/query-helpers.js:76:38
 Γ¥» node_modules/@testing-library/dom/dist/query-helpers.js:52:17
 Γ¥» node_modules/@testing-library/dom/dist/query-helpers.js:95:19
 Γ¥» src/components/InteractiveSteps.test.tsx:45:19
     43| 
     44|     expect(screen.getByText('Γ£ô Correct')).toBeInTheDocument();
     45|     expect(screen.getByText('1 + 1 equals 2.')).toBeInTheDocument();
       |                   ^
     46|     expect(screen.getByText('This is a static hint.')).toBeInTheDocumeΓÇª
     47|   });

ΓÄ»ΓÄ»ΓÄ»ΓÄ»ΓÄ»ΓÄ»ΓÄ»ΓÄ»ΓÄ»ΓÄ»ΓÄ»ΓÄ»ΓÄ»ΓÄ»ΓÄ»ΓÄ»ΓÄ»ΓÄ»ΓÄ»ΓÄ»ΓÄ»ΓÄ»ΓÄ»ΓÄ»[2/3]ΓÄ»

 FAIL  src/components/InteractiveSteps.test.tsx > InteractiveSteps > advances through multiple steps including static steps
TestingLibraryElementError: Unable to find an element with the text: This is a static hint.. This could be because the text is broken up by multiple elements. In this case, you can provide a function for your text matcher to make your matcher more flexible.

Ignored nodes: comments, script, style
<body>
  <div>
    <div
      class="mt-8 text-left bg-gray-50 p-6 rounded-lg border border-gray-100"
    >
      <h3
        class="font-semibold text-gray-700 mb-4"
      >
        Let's break it down:
      </h3>
      <div
        class="space-y-6"
      >
        <div
          class="transition-opacity duration-500 opacity-70"
        >
          <div
            class="text-gray-800 mb-2"
          >
            <span
              class="inline-flex items-center flex-wrap gap-1 text-2xl"
            >
              <span
                class="mx-1"
              >
                What
              </span>
              <span
                class="mx-1"
              >
                is
              </span>
              <span
                class="mx-1"
              >
                1
              </span>
              <span
                class="mx-1"
              >
                +
              </span>
              <span
                class="mx-1"
              >
                1?
              </span>
            </span>
          </div>
          <div
            class="flex flex-col gap-2"
          >
            <div
              class="flex items-center gap-2"
            >
              <input
                aria-label="Answer for step 1"
                class="p-2 border rounded w-32 border-green-500 bg-green-50"
                disabled=""
                placeholder="?"
                type="text"
                value="2"
              />
              <span
                class="text-green-600 flex items-center gap-1"
              >
                Γ£ô Correct
              </span>
            </div>
            <div
              class="text-sm text-gray-600 mt-1 italic pl-2 border-l-2 border-green-200"
            >
              <span
                class="inline-flex items-center flex-wrap gap-1 text-2xl"
              >
                <span
                  class="mx-1"
                >
                  1
                </span>
                <span
                  class="mx-1"
                >
                  +
                </span>
                <span
                  class="mx-1"
                >
                  1
                </span>
                <span
                  class="mx-1"
                >
                  equals
                </span>
                <span
                  class="mx-1"
                >
                  2.
                </span>
              </span>
            </div>
          </div>
        </div>
        <div
          class="transition-opacity duration-500 opacity-100"
        >
          <div
            class="text-gray-800 mb-2"
          >
            <span
              class="inline-flex items-center flex-wrap gap-1 text-2xl"
            >
              <span
                class="mx-1"
              >
                This
              </span>
              <span
                class="mx-1"
              >
                is
              </span>
              <span
                class="mx-1"
              >
                a
              </span>
              <span
                class="mx-1"
              >
                static
              </span>
              <span
                class="mx-1"
              >
                hint.
              </span>
            </span>
          </div>
          <div
            class="text-gray-600"
          >
            <button
              class="text-blue-600 hover:text-blue-800 text-sm font-medium"
            >
              Continue Γåô
            </button>
          </div>
        </div>
      </div>
    </div>
  </div>
</body>
 Γ¥» Object.getElementError node_modules/@testing-library/dom/dist/config.js:37:19
 Γ¥» node_modules/@testing-library/dom/dist/query-helpers.js:76:38
 Γ¥» node_modules/@testing-library/dom/dist/query-helpers.js:52:17
 Γ¥» node_modules/@testing-library/dom/dist/query-helpers.js:95:19
 Γ¥» src/components/InteractiveSteps.test.tsx:80:19
     78|     
     79|     // Step 2 (Static) should be visible
     80|     expect(screen.getByText('This is a static hint.')).toBeInTheDocumeΓÇª
       |                   ^
     81|     const continueBtn = screen.getByText('Continue Γåô');
     82|     fireEvent.click(continueBtn);

ΓÄ»ΓÄ»ΓÄ»ΓÄ»ΓÄ»ΓÄ»ΓÄ»ΓÄ»ΓÄ»ΓÄ»ΓÄ»ΓÄ»ΓÄ»ΓÄ»ΓÄ»ΓÄ»ΓÄ»ΓÄ»ΓÄ»ΓÄ»ΓÄ»ΓÄ»ΓÄ»ΓÄ»[3/3]ΓÄ»


 Test Files  1 failed (1)
      Tests  3 failed | 3 passed (6)
   Start at  05:36:34
   Duration  1.22s (transform 69ms, setup 127ms, import 163ms, tests 59ms, environment 677ms)

